// Jest Snapshot v1, https://goo.gl/fbAQLP

exports[`renders License page unchanged 1`] = `
Array [
  <div
    className="content-header"
  >
    <nav
      aria-label="Breadcrumbs"
      className="breadcrumbs breadcrumbs--space-under "
      role="navigation"
    >
      <ul
        className="breadcrumbs__list"
      >
        <li
          className="breadcrumbs__item"
        >
          <span
            aria-hidden={true}
            className="breadcrumbs__icon breadcrumbs__icon--small "
            dangerouslySetInnerHTML={
              Object {
                "__html": "<svg viewBox=\\"0 0 24 14\\" xmlns=\\"http://www.w3.org/2000/svg\\"><path fill-rule=\\"evenodd\\" clip-rule=\\"evenodd\\" d=\\"M10.526 12.871L.263 1.676 1.737.324 12 11.52 22.263.324l1.474 1.352L13.474 12.87a2 2 0 01-2.948 0z\\"></path></svg>",
              }
            }
            role="img"
          />
          <a
            className="breadcrumbs__link"
            href="/"
          >
            Digital Research Books Beta
          </a>
        </li>
      </ul>
    </nav>
  </div>,
  <div
    className="content-primary"
  >
    <h1
      className="page-title__heading "
      id="page-title-heading"
    >
      License Explanations
    </h1>
    <h2
      id="pd"
    >
      Public Domain
    </h2>
    <p>
      Works in the public domain have no copyright (in most cases because the copyright term has expired) and you are free to use, adapt, share, and distribute the work in any way you wish.
    </p>
    <h2
      id="pd_us"
    >
      Public Domain (US Only)
    </h2>
    <p>
      Works may be in the public domain in the Unites States (where you can use and distribute them without restriction), but still subject to copyright laws and restrictions outside the United States.
    </p>
    <h2
      id="cc"
    >
      Creative Commons Licenses
    </h2>
    <p>
      <a
        className="link "
        href="https://creativecommons.org/"
      >
        Creative Commons licenses
      </a>
       
      allow rights-holders to grant people the right to freely use their creations in certain ways and perhaps by meeting certain requirements. There are several licenses with different combinations of four basic clauses:
    </p>
    <dl>
      <dt>
        BY
      </dt>
      <dd>
        Attribution — You must give appropriate credit, provide a link to the license, and indicate if changes were made. You may do so in any reasonable manner, but not in any way that suggests the licensor endorses you or your use.
      </dd>
      <dt>
        NC
      </dt>
      <dd>
        NonCommercial — You may not use the material for commercial purposes.
         
      </dd>
      <dt>
        ND
      </dt>
      <dd>
        NoDerivatives — If you remix, transform, or build upon the material, you may not distribute the modified material.
      </dd>
      <dt>
        SA
      </dt>
      <dd>
        ShareAlike — If you remix, transform, or build upon the material, you must distribute your contributions under the same license as the original.
      </dd>
    </dl>
    <p>
      The following Creative Commons licenses are applied to materials in Digital Research Books Beta. Refer to linked license descriptions for specifics:
    </p>
    <ul>
      <li>
        <a
          className="link "
          href="https://creativecommons.org/licenses/by/3.0/"
        >
          Attribution 3.0 Unported (CC BY 3.0)
        </a>
      </li>
      <li>
        <a
          className="link "
          href="https://creativecommons.org/licenses/by/4.0/"
        >
          Attribution 4.0 International (CC BY 4.0)
        </a>
      </li>
      <li>
        <a
          className="link "
          href="https://creativecommons.org/licenses/by-sa/3.0/"
        >
          Attribution-ShareAlike 3.0 Unported (CC BY-SA 3.0)
        </a>
      </li>
      <li>
        <a
          className="link "
          href="https://creativecommons.org/licenses/by-sa/4.0/"
        >
          Attribution-ShareAlike 4.0 International (CC BY-SA 4.0)
        </a>
      </li>
      <li>
        <a
          className="link "
          href="https://creativecommons.org/licenses/by-nd/3.0/"
        >
          Attribution-NoDerivs 3.0 Unported (CC BY-ND 3.0)
        </a>
      </li>
      <li>
        <a
          className="link "
          href="https://creativecommons.org/licenses/by-nd/4.0/"
        >
          Attribution-NoDerivatives 4.0 International (CC BY-ND 4.0)
        </a>
      </li>
      <li>
        <a
          className="link "
          href="https://creativecommons.org/licenses/by-nc/4.0/"
        >
          Attribution-NonCommercial 4.0 International (CC BY-NC 4.0)
        </a>
      </li>
      <li>
        <a
          className="link "
          href="https://creativecommons.org/licenses/by-nc-sa/3.0/"
        >
          Attribution-NonCommercial-ShareAlike 3.0 Unported (CC BY-NC-SA 3.0)
        </a>
      </li>
      <li>
        <a
          className="link "
          href="https://creativecommons.org/licenses/by-nc-sa/4.0/"
        >
          Attribution-NonCommercial-ShareAlike 4.0 International (CC BY-NC-SA 4.0)
        </a>
      </li>
      <li>
        <a
          className="link "
          href="https://creativecommons.org/licenses/by-nc-nd/3.0/"
        >
          Attribution-NonCommercial-NoDerivs 3.0 Unported (CC BY-NC-ND 3.0)
        </a>
      </li>
      <li>
        <a
          className="link "
          href="https://creativecommons.org/licenses/by-nc-nd/4.0/"
        >
          Attribution-NonCommercial-NoDerivatives 4.0 International (CC BY-NC-ND 4.0)
        </a>
      </li>
    </ul>
    <h2>
      CC0 Public Domain Dedication
    </h2>
    <p>
      The
       
      <a
        className="link "
        href="https://creativecommons.org/publicdomain/zero/1.0/"
      >
        CC0 1.0 Universal (CC0 1.0) Public Domain Dedication
      </a>
       
      waives all rights under worldwide copyright law. It allows you to use, adapt, share, and distribute the work as if it were in the Public domain.
    </p>
    <h2>
      GNU General Public License
    </h2>
    <p>
      For a work licensed under the
       
      <a
        className="link "
        href="http://www.gnu.org/licenses/gpl.html"
      >
        GNU General Public License
      </a>
      , you may copy, distribute and modify the work as long as any modifications are also made available under the GPL.
    </p>
  </div>,
]
`;
